[shravanpandala.design/index.html]
[backblue.gif]
[fade.gif]
[index.html]
[framerusercontent.com/images/eKtJNf7Ygiib9ls2GMu1tZ2vEI.png]
[framerusercontent.com/images/Q9j7iYw6bbavnw961injT34juT8.png]
[framerusercontent.com/images/T5KLjJHidx8MmTc7FbdBDHdZHNw.png]
[framerusercontent.com/images/WsapR6XRCEhmivrhJWdJ8fhpPvg.png]
[framerusercontent.com/images/S2asRRMn8KWY3eQJKuMDnlqjmWc.png]
[framerusercontent.com/images/YYAYBsO6uSXCk1GFh7aMXaQDIbQ.png]
[framerusercontent.com/images/Ord7yuxGEkl01GLKEYVeCCk9M.png]
[framerusercontent.com/images/RvvgWFNZUXvxzIoHRpDKrIBfmQ.png]
[framerusercontent.com/images/2kAJNQfgSyXQCBrkL0UhtJIoV6Q.png]
[framerusercontent.com/images/qIPazJV0BlGYy1ZenBBClt1Aimo.png]
[framerusercontent.com/images/XD3w9Qngi9hG1xfXcRA9qQjgw.png]
[framerusercontent.com/images/dDvzpMjlow34jjivm5Odh6cEBQ.png]
[framerusercontent.com/images/kxdWmWpw1M098l8tOOT5xT3P6M.png]
[framerusercontent.com/images/tcERY6LEbfXkLkHZWVYuH0aQXs.png]
[framerusercontent.com/images/ZjjLCnQW2SYQemU1czIMxrHDM.png]
[framerusercontent.com/images/YVSJFWhKv2T7CZ3fqoodlfQ4.png]
[framerusercontent.com/images/o66jQK06J6jbVRWl2xmJc9Zoo.png]
[framerusercontent.com/images/fY4TPAQ7KyBoBIozOi6k32KBY38.png]
[framerusercontent.com/images/1JDzRX6wbqJ7jR96Dwxhq60H2k.png]
[framerusercontent.com/images/xvqipeiaJdCSbo41rh28g02hKI.png]
[framerusercontent.com/images/N7F9RcpgNgx9khTXeZDQwlZuTM.png]
[framerusercontent.com/images/7GGmiQXFZQY22mXr50t9IB1Wns.png]
[framerusercontent.com/images/QWOep3mYPYFJBBBcyrhOvep3U.png]
[framerusercontent.com/images/zWtmycaKcHGkgrWpGA2NTcMUO0.png]
[framerusercontent.com/images/YeraSIiRQJsF1KZYMLIfKFWlJKI.png]
[framerusercontent.com/images/I6NQjDnLfp26CFuKaDD52iHUJII.png]
[shravanpandala.design/index.html]
[www.googletagmanager.com/gtm5445.html]
